[retail.sc.com/np/ibank/foa/login.html]
[backblue.gif]
[fade.gif]
[index.html]
[retail.sc.com/np/ibank/foa/scb/newGUI/uxUplift/MerchantPaymentc4ca.js]
[retail.sc.com/np/ibank/foa/scb/newGUI/uxUplift/scbtc4ca.js]
[retail.sc.com/np/ibank/foa/scb/newGUI/uxUplift/aesc4ca.js]
[retail.sc.com/np/ibank/foa/scb/newGUI/uxUplift/dist/css/libs/pickadate.js/lib/compressed/themes/default.all.css]
[retail.sc.com/np/ibank/foa/scb/newGUI/uxUplift/dist/css/libs/vendor.min.css]
[retail.sc.com/np/ibank/foa/scb/newGUI/uxUplift/dist/css/sc.uplift.aprs.min.css]
[retail.sc.com/np/ibank/foa/scb/newGUI/uxUplift/dist/css/sc.responsive.min.css]
[retail.sc.com/np/ibank/foa/scb/newGUI/uxUplift/dist/css/sc.components.min.css]
[retail.sc.com/np/ibank/foa/scb/newGUI/uxUplift/dist/css/patch.min.css]
[retail.sc.com/np/ibank/foa/scb/newGUI/uxUplift/all.min.css]
[retail.sc.com/np/ibank/foa/scb/newGUI/uxUplift/dist/js/jquery.mineccb.js]
[retail.sc.com/np/ibank/foa/scb/newGUI/uxUplift/dist/js/vendor.min.js]
[retail.sc.com/np/ibank/foa/scb/newGUI/uxUplift/dist/js/sc.uplift.min.js]
[retail.sc.com/np/ibank/foa/scb/newGUI/uxUplift/dist/js/sc.components.mineccb.js]
[retail.sc.com/np/ibank/foa/scb/newGUI/uxUplift/dist/js/patch.min.js]
[retail.sc.com/np/ibank/foa/scb/newGUI/uxUplift/commonsUI.js]
[retail.sc.com/np/ibank/foa/scb/newGUI/uxUplift/beforeLogin.js]
[retail.sc.com/np/ibank/foa/scb/newGUI/uxUplift/preloginldapCheckRALeccb.js]
[retail.sc.com/np/ibank/foa/scb/newGUI/uxUplift/appletc4ca.js]
[retail.sc.com/np/ibank/foa/scb/newGUI/uxUplift/LocalTransfer.js]
[retail.sc.com/np/ibank/foa/scb/newGUI/uxUplift/images/icon/dashboard-mobile/arrow-left.png]
[retail.sc.com/np/ibank/foa/scb/newGUI/uxUplift/images/logo/sc.png]
[retail.sc.com/np/ibank/foa/scb/newGUI/uxUplift/images/logo/scb-logo-white.png]
[retail.sc.com/np/ibank/foa/scb/newGUI/images/logo.gif]
[retail.sc.com/np/ibank/foa/scb/newGUI/uxUplift/images/logo/ios-fingerprint.png]
[retail.sc.com/np/ibank/foa/scb/newGUI/uxUplift/images/icon/mobile-footer-all.png]
[retail.sc.com/np/ibank/foa/scb/newGUI/uxUplift/images/icon/bill_payment_icon.png]
[retail.sc.com/np/ibank/foa/scb/newGUI/uxUplift/images/icon/mobile-footer-atm.png]
[retail.sc.com/np/ibank/foa/scb/newGUI/uxUplift/images/icon/mobile-footer-quick-apply.png]
[retail.sc.com/np/ibank/foa/scb/newGUI/uxUplift/images/icon/GreenCard.png]
[retail.sc.com/np/ibank/foa/scb/newGUI/uxUplift/images/icon/Icon_Error.png]
[retail.sc.com/np/ibank/foa/scb/newGUI/uxUplift/images/icon/icon_chrome@1x.png]
[retail.sc.com/np/ibank/foa/scb/newGUI/uxUplift/images/icon/icon_ffox@1x.png]
[retail.sc.com/np/ibank/foa/scb/newGUI/uxUplift/images/icon/icon_ie@1x.png]
[retail.sc.com/np/ibank/foa/scb/newGUI/uxUplift/images/icon/icon_safari@1x.png]
[retail.sc.com/np/ibank/foa/scb/newGUI/uxUplift/images/logo/face_id_white.png]
[retail.sc.com/np/ibank/foa/scb/newGUI/images/horz_divider.gif]
[retail.sc.com/np/ibank/foa/scb/newGUI/Disclaimer_BH.html]
[retail.sc.com/np/ibank/foa/scb/newGUI/uxUplift/images/footer/Facebook.png]
[retail.sc.com/np/ibank/foa/scb/newGUI/uxUplift/images/footer/Facebook-o.png]
[retail.sc.com/np/ibank/foa/scb/newGUI/beforeLogin.js]
[retail.sc.com/np/ibank/foa/scb/newGUI/uxUplift/ios/cordovac4ca.js]
[retail.sc.com/np/ibank/foa/scb/newGUI/uxUplift/android/cordovac4ca.js]
[retail.sc.com/np/ibank/foa/scb/newGUI/uxUplift/mobileApp_fnsc4ca.js]
[retail.sc.com/np/ibank/foa/scb/newGUI/uxUplift/touchIDWrapperc4ca.js]
[retail.sc.com/np/ibank/foa/login.html]
[retail.sc.com/np/ibank/foa/scb/newGUI/Disclaimer_PK.html]
[retail.sc.com/np/ibank/foa/svc2.sc.html]
[retail.sc.com/np/ibank/foa/scb/newGUI/Disclaimer_BH.html]
[retail.sc.com/np/ibank/foa/itms-apps_/itunes.apple.com/sg/app/sc-mobile-bahrain/id1199820520a946.html]
[retail.sc.com/np/ibank/foa/itms-apps_/itunes.apple.com/sg/app/sc-mobile-bangladesh/id1212168033a946.html]
[retail.sc.com/np/ibank/foa/itms-apps_/itunes.apple.com/sg/app/sc-mobile-jordan/id1212199002a946.html]
[retail.sc.com/np/ibank/foa/itms-apps_/itunes.apple.com/sg/app/sc-mobile-srilanka/id1212199130a946.html]
[retail.sc.com/np/ibank/foa/itms-apps_/itunes.apple.com/sg/app/sc-mobile-nepal/id1212199537a946.html]
[retail.sc.com/np/ibank/foa/scb/newGUI/scb/newGUI/DataProtection_BH.html]
[retail.sc.com/np/ibank/foa/scb/newGUI/uxUplift/dist/js/sc.uplift.min.js]
[retail.sc.com/np/ibank/foa/iconfilename-precomposed.html]
[retail.sc.com/np/ibank/foa/scb/newGUI/uxUplift/images/logo/ios-fingerprint.png]
[retail.sc.com/np/ibank/foa/scb/newGUI/uxUplift/dist/css/libs/pickadate.js/lib/compressed/themes/default.all.css]
[retail.sc.com/np/ibank/foa/scb/newGUI/uxUplift/dist/css/libs/vendor.min.css]
[retail.sc.com/np/ibank/foa/scb/newGUI/uxUplift/dist/js/sc.components.mineccb.js]
[retail.sc.com/np/ibank/foa/scb/newGUI/uxUplift/images/icon/GreenCard.png]
[retail.sc.com/np/ibank/foa/scb/newGUI/uxUplift/images/icon/Icon_Error.png]
[retail.sc.com/np/ibank/foa/scb/newGUI/uxUplift/dist/css/fonts/aprs-iconsbbe2.eot]
[retail.sc.com/np/ibank/foa/scb/newGUI/uxUplift/dist/css/fonts/aprs-iconsbbe2.ttf]
[retail.sc.com/np/ibank/foa/scb/newGUI/uxUplift/dist/css/fonts/aprs-iconsbbe2.woff]
[retail.sc.com/np/ibank/foa/scb/newGUI/uxUplift/dist/css/fonts/aprs-iconsbbe2.svg]
[retail.sc.com/np/ibank/foa/scb/newGUI/uxUplift/dist/css/fonts/sc-sans-web-thin.eot]
[retail.sc.com/np/ibank/foa/scb/newGUI/uxUplift/dist/css/fonts/sc-sans-web-thind41d.eot]
[retail.sc.com/np/ibank/foa/scb/newGUI/uxUplift/dist/css/fonts/sc-sans-web-thin.woff2]
[retail.sc.com/np/ibank/foa/scb/newGUI/uxUplift/dist/css/fonts/sc-sans-web-thin.woff]
[retail.sc.com/np/ibank/foa/scb/newGUI/uxUplift/dist/css/fonts/sc-sans-web-thin.ttf]
[retail.sc.com/np/ibank/foa/scb/newGUI/uxUplift/dist/css/fonts/sc-sans-web-thin.svg]
[retail.sc.com/np/ibank/foa/scb/newGUI/uxUplift/dist/css/fonts/sc-sans-web-regular.eot]
[retail.sc.com/np/ibank/foa/scb/newGUI/uxUplift/dist/css/fonts/sc-sans-web-regulard41d.eot]
[retail.sc.com/np/ibank/foa/scb/newGUI/uxUplift/dist/css/fonts/sc-sans-web-regular.woff2]
[retail.sc.com/np/ibank/foa/scb/newGUI/uxUplift/dist/css/fonts/sc-sans-web-regular.woff]
[retail.sc.com/np/ibank/foa/scb/newGUI/uxUplift/dist/css/fonts/sc-sans-web-regular.ttf]
[retail.sc.com/np/ibank/foa/scb/newGUI/uxUplift/dist/css/fonts/sc-sans-web-regular.svg]
[retail.sc.com/np/ibank/foa/scb/newGUI/uxUplift/dist/css/fonts/sc-sans-web-light.eot]
[retail.sc.com/np/ibank/foa/scb/newGUI/uxUplift/dist/css/fonts/sc-sans-web-lightd41d.eot]
[retail.sc.com/np/ibank/foa/scb/newGUI/uxUplift/dist/css/fonts/sc-sans-web-light.woff2]
[retail.sc.com/np/ibank/foa/scb/newGUI/uxUplift/dist/css/fonts/sc-sans-web-light.woff]
[retail.sc.com/np/ibank/foa/scb/newGUI/uxUplift/dist/css/fonts/sc-sans-web-light.ttf]
[retail.sc.com/np/ibank/foa/scb/newGUI/uxUplift/dist/css/fonts/sc-sans-web-light.svg]
[retail.sc.com/np/ibank/foa/scb/newGUI/uxUplift/dist/css/fonts/sc-sans-web-ultra-thin.eot]
[retail.sc.com/np/ibank/foa/scb/newGUI/uxUplift/dist/css/fonts/sc-sans-web-ultra-thind41d.eot]
[retail.sc.com/np/ibank/foa/scb/newGUI/uxUplift/dist/css/fonts/sc-sans-web-ultra-thin.woff2]
[retail.sc.com/np/ibank/foa/scb/newGUI/uxUplift/dist/css/fonts/sc-sans-web-ultra-thin.woff]
[retail.sc.com/np/ibank/foa/scb/newGUI/uxUplift/dist/css/fonts/sc-sans-web-ultra-thin.ttf]
[retail.sc.com/np/ibank/foa/scb/newGUI/uxUplift/dist/css/fonts/sc-sans-web-ultra-thin.svg]
[retail.sc.com/np/ibank/foa/scb/newGUI/uxUplift/dist/css/images/table/arrow_off.png]
[retail.sc.com/np/ibank/foa/scb/newGUI/uxUplift/dist/css/images/table/arrow_down.png]
[retail.sc.com/np/ibank/foa/scb/newGUI/uxUplift/dist/css/images/table/arrow_up.png]
[retail.sc.com/np/ibank/foa/scb/newGUI/uxUplift/dist/css/images/icon/Icon_Error.png]
[retail.sc.com/np/ibank/foa/scb/newGUI/uxUplift/dist/css/images/icon/tick_green.png]
[retail.sc.com/np/ibank/foa/scb/newGUI/uxUplift/dist/css/images/footer/flag.png]
[retail.sc.com/np/ibank/foa/scb/newGUI/uxUplift/dist/css/images/footer/flag_hover.png]
[retail.sc.com/np/ibank/foa/scb/newGUI/uxUplift/dist/css/images/footer/app-store-ico.png]
[retail.sc.com/np/ibank/foa/scb/newGUI/uxUplift/dist/css/images/footer/comingSoon_AppStore.png]
[retail.sc.com/np/ibank/foa/scb/newGUI/uxUplift/dist/css/images/footer/google-play-ico.png]
[retail.sc.com/np/ibank/foa/scb/newGUI/uxUplift/dist/css/images/footer/comingSoon_GooglePlay.png]
[retail.sc.com/np/ibank/foa/scb/newGUI/uxUplift/dist/css/images/logo/scblogo.png]
[retail.sc.com/np/ibank/foa/scb/newGUI/uxUplift/dist/css/images/icon/Icon_Calendar.png]
[retail.sc.com/np/ibank/foa/scb/newGUI/uxUplift/dist/css/images/icon/calendar-arrow-icon-left.png]
[retail.sc.com/np/ibank/foa/scb/newGUI/uxUplift/dist/css/images/icon/calendar-arrow-icon-right.png]
[retail.sc.com/np/ibank/foa/scb/newGUI/uxUplift/dist/css/images/icon/BlueCircle_Line.png]
[retail.sc.com/np/ibank/foa/scb/newGUI/uxUplift/dist/css/images/icon/BlueCircle_Solid.png]
[retail.sc.com/np/ibank/foa/scb/newGUI/uxUplift/dist/css/images/icon/arrow-down-icon-dark.gif]
[retail.sc.com/np/ibank/foa/scb/newGUI/uxUplift/dist/css/images/icon/arrow-up-icon-dark.gif]
[retail.sc.com/np/ibank/foa/scb/newGUI/uxUplift/dist/css/images/icon/Icon_CheckSmall.png]
[retail.sc.com/np/ibank/foa/scb/newGUI/uxUplift/dist/css/images/icon/account_saving.png]
[retail.sc.com/np/ibank/foa/scb/newGUI/uxUplift/dist/css/images/icon/account_credit_card.png]
[retail.sc.com/np/ibank/foa/scb/newGUI/uxUplift/dist/css/images/icon/account_loan.png]
[retail.sc.com/np/ibank/foa/scb/newGUI/uxUplift/dist/css/images/icon/error.png]
[retail.sc.com/np/ibank/foa/scb/newGUI/uxUplift/dist/css/images/icon/plus.png]
[retail.sc.com/np/ibank/foa/scb/newGUI/uxUplift/dist/css/images/icon/icon_Mailbox.jpg]
[retail.sc.com/np/ibank/foa/scb/newGUI/uxUplift/dist/css/images/menu/Icon_Mail.png]
[retail.sc.com/np/ibank/foa/scb/newGUI/uxUplift/dist/css/images/icon/dashboard-mobile/arrow-right.png]
[retail.sc.com/np/ibank/foa/scb/newGUI/uxUplift/dist/css/images/icon/double-arrow-backward.png]
[retail.sc.com/np/ibank/foa/scb/newGUI/uxUplift/dist/css/images/icon/arrow-backward.png]
[retail.sc.com/np/ibank/foa/scb/newGUI/uxUplift/dist/css/images/icon/double-arrow-forward.png]
[retail.sc.com/np/ibank/foa/scb/newGUI/uxUplift/dist/css/images/icon/arrow-forward.png]
[retail.sc.com/np/ibank/foa/scb/newGUI/uxUplift/dist/css/images/icon/select-arrow.png]
[retail.sc.com/np/ibank/foa/scb/newGUI/uxUplift/dist/css/images/icon/Icon_SelectLoader.gif]
[retail.sc.com/np/ibank/foa/scb/newGUI/uxUplift/dist/css/images/icon/Icon_Help.png]
[retail.sc.com/np/ibank/foa/scb/newGUI/uxUplift/dist/css/images/Green_Bg.jpg]
[retail.sc.com/np/ibank/foa/scb/newGUI/uxUplift/dist/css/images/Blue_Bg.jpg]
[retail.sc.com/np/ibank/foa/scb/newGUI/uxUplift/dist/css/images/icon/Icon_Exclamation_Grey.png]
[retail.sc.com/np/ibank/foa/scb/newGUI/uxUplift/dist/css/images/icon/Icon_Link.png]
[retail.sc.com/np/ibank/foa/scb/newGUI/uxUplift/dist/css/images/icon/arrow-down-icon.gif]
[retail.sc.com/np/ibank/foa/scb/newGUI/uxUplift/dist/css/images/icon/select-arrow-blue.png]
[retail.sc.com/np/ibank/foa/scb/newGUI/uxUplift/dist/css/images/menu/user_profile.png]
[retail.sc.com/np/ibank/foa/scb/newGUI/uxUplift/dist/css/images/menu/user_profile_active.png]
[retail.sc.com/np/ibank/foa/scb/newGUI/uxUplift/dist/css/images/icon/Icon_CheckSmall@2x.png]
[retail.sc.com/np/ibank/foa/scb/newGUI/uxUplift/dist/css/images/icon/dashboard-mobile/lang-select.png]
[retail.sc.com/np/ibank/foa/scb/newGUI/uxUplift/dist/css/images/icon/sc-hamburger-icon.png]
[retail.sc.com/np/ibank/foa/scb/newGUI/uxUplift/dist/css/images/icon/dashboard-mobile/accordion-collapsed.png]
[retail.sc.com/np/ibank/foa/scb/newGUI/uxUplift/dist/css/images/icon/dashboard-mobile/accordion-expanded.png]
[retail.sc.com/np/ibank/foa/scb/newGUI/uxUplift/dist/css/images/icon/dashboard-mobile/close.png]
[retail.sc.com/np/ibank/foa/scb/newGUI/uxUplift/dist/css/images/icon/dashboard-mobile/close-white.png]
[retail.sc.com/np/ibank/foa/scb/newGUI/uxUplift/dist/css/images/icon/Icon_Trash.png]
[retail.sc.com/np/ibank/foa/scb/newGUI/uxUplift/dist/css/images/icon/Icon_Add.png]
[retail.sc.com/np/ibank/foa/scb/newGUI/uxUplift/dist/css/images/icon/Icon_Global_Settings.png]
[retail.sc.com/np/ibank/foa/scb/newGUI/uxUplift/dist/css/images/icon/Icon_Sort.png]
[retail.sc.com/np/ibank/foa/scb/newGUI/uxUplift/dist/css/images/icon/Icon_Minus.png]
[retail.sc.com/np/ibank/foa/scb/newGUI/uxUplift/dist/css/images/icon/Icon_History.png]
[retail.sc.com/np/ibank/foa/scb/newGUI/uxUplift/dist/css/images/icon/Icon_Minus.png]
[retail.sc.com/np/ibank/foa/scb/newGUI/uxUplift/dist/css/images/menu/icon-power.png]
[retail.sc.com/np/ibank/foa/scb/newGUI/uxUplift/dist/css/images/logo/sc-loader.gif]
[retail.sc.com/np/ibank/foa/scb/newGUI/uxUplift/dist/css/images/logo/sc-loader2.gif]
[retail.sc.com/np/ibank/foa/scb/newGUI/uxUplift/dist/css/images/logo/SC-Loading-Bar-@2x.gif]
[retail.sc.com/np/ibank/foa/scb/newGUI/uxUplift/dist/css/images/logo/sc-loader2.gif]
[retail.sc.com/np/ibank/foa/scb/newGUI/uxUplift/dist/css/images/Blue_Bg_mesa.jpg]
[retail.sc.com/np/ibank/foa/scb/newGUI/uxUplift/dist/css/sc.uplift.aprs.min.css]
[retail.sc.com/np/ibank/foa/scb/newGUI/uxUplift/dist/css/sc.responsive.min.css]
[retail.sc.com/np/ibank/foa/scb/newGUI/uxUplift/dist/css/sc.components.min.css]
[retail.sc.com/np/ibank/foa/scb/newGUI/uxUplift/images/icon/arrow-menu-active.png]
[retail.sc.com/np/ibank/foa/scb/newGUI/uxUplift/images/icon/uncheck.png]
[retail.sc.com/np/ibank/foa/scb/newGUI/uxUplift/images/icon/check.png]
[retail.sc.com/np/ibank/foa/scb/newGUI/uxUplift/images/menu/Icon_Mail.png]
[retail.sc.com/np/ibank/foa/scb/newGUI/uxUplift/images/icon/action_delete_icon.png]
[retail.sc.com/np/ibank/foa/scb/newGUI/uxUplift/images/icon/Icon_CheckSmall.png]
[retail.sc.com/np/ibank/foa/scb/newGUI/uxUplift/images/icon/arrow-down-icon-blue.png]
[retail.sc.com/np/ibank/foa/scb/newGUI/uxUplift/images/icon/arrow-up-icon-blue.png]
[retail.sc.com/np/ibank/foa/scb/newGUI/uxUplift/dist/css/images/TouchID_homepage-Bg.png]
[retail.sc.com/np/ibank/foa/scb/newGUI/uxUplift/dist/css/patch.min.css]
[retail.sc.com/np/ibank/foa/scb/newGUI/webfonts/fa-brands-400.eot]
[retail.sc.com/np/ibank/foa/scb/newGUI/webfonts/fa-brands-400d41d.eot]
[retail.sc.com/np/ibank/foa/scb/newGUI/webfonts/fa-brands-400.woff2]
[retail.sc.com/np/ibank/foa/scb/newGUI/webfonts/fa-brands-400.woff]
[retail.sc.com/np/ibank/foa/scb/newGUI/webfonts/fa-brands-400.ttf]
[retail.sc.com/np/ibank/foa/scb/newGUI/webfonts/fa-brands-400.svg]
[retail.sc.com/np/ibank/foa/scb/newGUI/webfonts/fa-regular-400.eot]
[retail.sc.com/np/ibank/foa/scb/newGUI/webfonts/fa-regular-400d41d.eot]
[retail.sc.com/np/ibank/foa/scb/newGUI/webfonts/fa-regular-400.woff2]
[retail.sc.com/np/ibank/foa/scb/newGUI/webfonts/fa-regular-400.woff]
[retail.sc.com/np/ibank/foa/scb/newGUI/webfonts/fa-regular-400.ttf]
[retail.sc.com/np/ibank/foa/scb/newGUI/webfonts/fa-regular-400.svg]
[retail.sc.com/np/ibank/foa/scb/newGUI/webfonts/fa-solid-900.eot]
[retail.sc.com/np/ibank/foa/scb/newGUI/webfonts/fa-solid-900d41d.eot]
[retail.sc.com/np/ibank/foa/scb/newGUI/webfonts/fa-solid-900.woff2]
[retail.sc.com/np/ibank/foa/scb/newGUI/webfonts/fa-solid-900.woff]
[retail.sc.com/np/ibank/foa/scb/newGUI/webfonts/fa-solid-900.ttf]
[retail.sc.com/np/ibank/foa/scb/newGUI/uxUplift/all.min.css]
[www.sc.com/np/assets/pws/pdf/online-banking.html]
[retail.sc.com/np/ibank/foa/scb/newGUI/scb/style.html]
[retail.sc.com/np/ibank/foa/scb/newGUI/scb/newGUI/commonsUI.html]
[retail.sc.com/np/ibank/foa/scb/newGUI/scb/Navigation.html]
[retail.sc.com/np/ibank/foa/scb/newGUI/uxUplift/dist/css/fonts/aprs-iconsbbe2.svg]
[retail.sc.com/np/ibank/foa/scb/newGUI/uxUplift/dist/css/fonts/sc-sans-web-thin.svg]
[retail.sc.com/np/ibank/foa/scb/newGUI/uxUplift/dist/css/fonts/sc-sans-web-regular.svg]
[retail.sc.com/np/ibank/foa/scb/newGUI/uxUplift/dist/css/fonts/sc-sans-web-light.svg]
[retail.sc.com/np/ibank/foa/scb/newGUI/uxUplift/dist/css/fonts/sc-sans-web-ultra-thin.svg]
[retail.sc.com/np/ibank/foa/scb/newGUI/uxUplift/dist/css/images/icon/account_investment.html]
[retail.sc.com/np/ibank/foa/scb/newGUI/src/aleph/images/icon/arrow-down-icon-dark.html]
[retail.sc.com/np/ibank/foa/scb/newGUI/uxUplift/dist/css/images/icon/arrow-menu-active.html]
[retail.sc.com/np/ibank/foa/scb/newGUI/uxUplift/dist/images/arrow_off.html]
[retail.sc.com/np/ibank/foa/scb/newGUI/webfonts/fa-brands-400.svg]
[retail.sc.com/np/ibank/foa/scb/newGUI/webfonts/fa-regular-400.svg]
[retail.sc.com/np/ibank/foa/scb/newGUI/webfonts/fa-solid-900.svg]
[retail.sc.com/np/ibank/foa/scb/newGUI/webfonts/fa-solid-900.svg]
